                              1 ;--------------------------------------------------------
                              2 ; File Created by SDCC : FreeWare ANSI-C Compiler
                              3 ; Version 2.3.1 Mon Apr 22 13:07:58 2019
                              4 
                              5 ;--------------------------------------------------------
                              6 	.module lcc855870
                              7 	
                              8 ;--------------------------------------------------------
                              9 ; Public variables in this module
                             10 ;--------------------------------------------------------
                             11 	.globl _main
                             12 ;--------------------------------------------------------
                             13 ; special function registers
                             14 ;--------------------------------------------------------
                             15 ;--------------------------------------------------------
                             16 ; special function bits 
                             17 ;--------------------------------------------------------
                             18 ;--------------------------------------------------------
                             19 ; internal ram data
                             20 ;--------------------------------------------------------
                             21 	.area _DATA
                             22 ;--------------------------------------------------------
                             23 ; overlayable items in internal ram 
                             24 ;--------------------------------------------------------
                             25 	.area _OVERLAY
                             26 ;--------------------------------------------------------
                             27 ; indirectly addressable internal ram data
                             28 ;--------------------------------------------------------
                             29 	.area _ISEG
                             30 ;--------------------------------------------------------
                             31 ; bit data
                             32 ;--------------------------------------------------------
                             33 	.area _BSEG
                             34 ;--------------------------------------------------------
                             35 ; external ram data
                             36 ;--------------------------------------------------------
                             37 	.area _XSEG
                             38 ;--------------------------------------------------------
                             39 ; global & static initialisations
                             40 ;--------------------------------------------------------
                             41 	.area _GSINIT
                             42 	.area _GSFINAL
                             43 	.area _GSINIT
                             44 ;--------------------------------------------------------
                             45 ; Home
                             46 ;--------------------------------------------------------
                             47 	.area _HOME
                             48 	.area _CODE
                             49 ;--------------------------------------------------------
                             50 ; code
                             51 ;--------------------------------------------------------
                             52 	.area _CODE
                             53 ;	main.c 4
                             54 ;	genLabel
                             55 ;	genFunction
                             56 ;	---------------------------------
                             57 ; Function main
                             58 ; ---------------------------------
   0000                      59 ___main_start:
   0000                      60 _main:
                             61 	
                             62 ;	main.c 8
                             63 ;	genAssign
   0000 01 26 FF             64 	ld	bc,#0xFF26
                             65 ;	genAssign (pointer)
   0003 3E 80                66 	ld	a,#0x80
   0005 02                   67 	ld	(bc),a
                             68 ;	main.c 9
                             69 ;	genAssign
   0006 01 24 FF             70 	ld	bc,#0xFF24
                             71 ;	genAssign (pointer)
   0009 3E 77                72 	ld	a,#0x77
   000B 02                   73 	ld	(bc),a
                             74 ;	main.c 10
                             75 ;	genAssign
   000C 01 25 FF             76 	ld	bc,#0xFF25
                             77 ;	genAssign (pointer)
   000F 3E FF                78 	ld	a,#0xFF
   0011 02                   79 	ld	(bc),a
                             80 ;	main.c 12
                             81 ;	genLabel
   0012                      82 00104$:
                             83 ;	main.c 13
                             84 ;	genCall
                             85 ; _saveRegsForCall: sendSetSize: 0 deInUse: 0 bcInUse: 0 deSending: 0
   0012 CD 00 00             86 	call	_joypad
   0015 4B                   87 	ld	c,e
                             88 ;	genAssign
   0016 79                   89 	ld	a,c
                             90 ;	main.c 15
                             91 ;	genIfx
   0017 B7                   92 	or	a,a
   0018 CA 12 00             93 	jp	z,00104$
                             94 ;	main.c 18
                             95 ;	genAssign
   001B 01 20 FF             96 	ld	bc,#0xFF20
                             97 ;	genAssign (pointer)
   001E 3E 1F                98 	ld	a,#0x1F
   0020 02                   99 	ld	(bc),a
                            100 ;	main.c 25
                            101 ;	genAssign
   0021 01 21 FF            102 	ld	bc,#0xFF21
                            103 ;	genAssign (pointer)
   0024 3E A1               104 	ld	a,#0xA1
   0026 02                  105 	ld	(bc),a
                            106 ;	main.c 34
                            107 ;	genAssign
   0027 01 22 FF            108 	ld	bc,#0xFF22
                            109 ;	genAssign (pointer)
   002A 3E 3B               110 	ld	a,#0x3B
   002C 02                  111 	ld	(bc),a
                            112 ;	main.c 41
                            113 ;	genAssign
   002D 01 23 FF            114 	ld	bc,#0xFF23
                            115 ;	genAssign (pointer)
   0030 3E C0               116 	ld	a,#0xC0
   0032 02                  117 	ld	(bc),a
                            118 ;	main.c 43
                            119 ;	genIpush
                            120 ; _saveRegsForCall: sendSetSize: 0 deInUse: 0 bcInUse: 0 deSending: 0
   0033 21 E8 03            121 	ld	hl,#0x03E8
   0036 E5                  122 	push	hl
                            123 ;	genCall
   0037 CD 00 00            124 	call	_delay
   003A E8 02               125 	lda	sp,2(sp)
                            126 ;	genGoto
   003C C3 12 00            127 	jp	00104$
                            128 ;	genLabel
   003F                     129 00106$:
                            130 ;	genEndFunction
                            131 	
   003F C9                  132 	ret
   0040                     133 ___main_end:
                            134 	.area _CODE
ASxxxx Assembler V01.75  (GameBoy Z80-like CPU), page 1.

Symbol Table

  0 ___main_end                        0040 R
  0 ___main_start                      0000 R
    _delay                             **** GX
    _joypad                            **** GX
  0 _main                              0000 GR

ASxxxx Assembler V01.75  (GameBoy Z80-like CPU), page 2.

Area Table

   0 _CODE                              size   40   flags 0
   1 _DATA                              size    0   flags 0
   2 _OVERLAY                           size    0   flags 0
   3 _ISEG                              size    0   flags 0
   4 _BSEG                              size    0   flags 0
   5 _XSEG                              size    0   flags 0
   6 _GSINIT                            size    0   flags 0
   7 _GSFINAL                           size    0   flags 0
   8 _HOME                              size    0   flags 0
