AREA .  .ABS.
	RADIX HEX
	BASE 0000
	SIZE 0000
	ATTRIB ABS OVR
	GLOBALS
		l__HEAP	0000
		l__BSEG	0000
		l_.  .ABS.	0000
		l__GSFINAL	0000
		l__ISEG	0000
		s_.  .ABS.	0000
		s__HEADER	0000
		l__XSEG	0000
		.init	0000
		l__OVERLAY	0000
		l__LIT	0000
		l__GSINITTAIL	0001
		l__BSS	0059
		l__GSINIT	008E
		l__DATA	0091
		l__BASE	0125
		l__HOME	01D3
		l__HEADER	01E1
		s__CODE	0200
		l__CODE	0298
		s__HOME	0498
		s__BASE	066B
		s__LIT	0790
		s__GSINIT	0790
		s__GSINITTAIL	081E
		s__GSFINAL	081F
		.OAM	C000
		s__DATA	C0A0
		s__BSS	C131
		s__HEAP	C18A
		s__BSEG	C18A
		s__ISEG	C18A
		s__XSEG	C18A
		s__OVERLAY	C18A
		.STACK	E000
		.refresh_OAM	FF80
AREA _CODE
	RADIX HEX
	BASE 0200
	SIZE 0298
	ATTRIB REL CON
	GLOBALS
		_performantDelay	0200
		_moveGameCharacter	0214
		_setupShip	02AB
		_setupBug	032D
		_main	03AF
AREA _HEADER
	RADIX HEX
	BASE 0000
	SIZE 01E1
	ATTRIB ABS OVR
	GLOBALS
		_exit	01D2
AREA _HOME
	RADIX HEX
	BASE 0498
	SIZE 01D3
	ATTRIB REL CON
	GLOBALS
		.set_mode	0498
		.remove_VBL	04A8
		.remove_LCD	04AE
		.remove_TIM	04B4
		.remove_SIO	04BA
		.remove_JOY	04C0
		.add_VBL	04C6
		.add_LCD	04CC
		.add_TIM	04D2
		.add_SIO	04D8
		.add_JOY	04DE
		.remove_int	04E4
		.add_int	0504
		.wait_vbl_done	0520
		_wait_vbl_done	0520
		_display_off	0537
		.display_off	0537
		.serial_IO	0558
		_mode	0587
		_get_mode	0590
		_enable_interrupts	0595
		_disable_interrupts	0597
		_reset	0599
		.reset	0599
		_set_interrupts	059F
		_remove_VBL	05AA
		_remove_LCD	05B5
		_remove_TIM	05C0
		_remove_SIO	05CB
		_remove_JOY	05D6
		_add_VBL	05E1
		_add_LCD	05EC
		_add_TIM	05F7
		_add_SIO	0602
		_add_JOY	060D
		_clock	0618
		__printTStates	0621
		banked_call	0622
		banked_ret	063B
		__initrleblock	0644
AREA _BASE
	RADIX HEX
	BASE 066B
	SIZE 0125
	ATTRIB REL CON
	GLOBALS
		.mv_sprite	066B
		_move_sprite	067A
		_set_win_data	0687
		_set_bkg_data	0687
		_set_sprite_data	06D4
		.padup	0703
		_waitpadup	0703
		.jpad	0713
		.wait_pad	0740
		_joypad	0747
		_waitpad	074C
		.set_sprite_tile	0756
		_set_sprite_tile	0763
		.copy_vram	076E
		_get_data	077D
		_set_data	077D
AREA _LIT
	RADIX HEX
	BASE 0790
	SIZE 0000
	ATTRIB REL CON
AREA _GSINIT
	RADIX HEX
	BASE 0790
	SIZE 008E
	ATTRIB REL CON
	GLOBALS
		gsinit	0790
AREA _GSINITTAIL
	RADIX HEX
	BASE 081E
	SIZE 0001
	ATTRIB REL CON
AREA _GSFINAL
	RADIX HEX
	BASE 081F
	SIZE 0000
	ATTRIB REL CON
AREA _DATA
	RADIX HEX
	BASE C0A0
	SIZE 0091
	ATTRIB REL CON
	GLOBALS
		_shipBug	C0A0
		_ship	C120
		_bug	C128
		_spriteSize	C130
AREA _BSS
	RADIX HEX
	BASE C131
	SIZE 0059
	ATTRIB REL CON
	GLOBALS
		__cpu	C131
		.mode	C132
		__io_out	C133
		__io_in	C134
		__io_status	C135
		.vbl_done	C136
		__current_bank	C137
		_sys_time	C138
		.sys_time	C138
		.int_0x40	C13A
		.int_0x48	C14A
		.int_0x50	C15A
		.int_0x58	C16A
		.int_0x60	C17A
AREA _HEAP
	RADIX HEX
	BASE C18A
	SIZE 0000
	ATTRIB REL CON
	GLOBALS
		_malloc_heap_start	C18A
AREA _OVERLAY
	RADIX HEX
	BASE C18A
	SIZE 0000
	ATTRIB REL CON
AREA _ISEG
	RADIX HEX
	BASE C18A
	SIZE 0000
	ATTRIB REL CON
AREA _BSEG
	RADIX HEX
	BASE C18A
	SIZE 0000
	ATTRIB REL CON
AREA _XSEG
	RADIX HEX
	BASE C18A
	SIZE 0000
	ATTRIB REL CON
MODULES
	FILE /Users/kphillips/gbdk/lib/small/asxxxx/gb/crt0.o
		NAME Runtime
	FILE main.o
		NAME lcc893960
LIBRARIES
	LIBRARY /Users/kphillips/gbdk/lib/small/asxxxx/gbz80/gbz80.lib
		MODULE crt0_rle.o
	LIBRARY /Users/kphillips/gbdk/lib/small/asxxxx/gb/gb.lib
		MODULE mv_spr.o
	LIBRARY /Users/kphillips/gbdk/lib/small/asxxxx/gb/gb.lib
		MODULE set_data.o
	LIBRARY /Users/kphillips/gbdk/lib/small/asxxxx/gb/gb.lib
		MODULE pad.o
	LIBRARY /Users/kphillips/gbdk/lib/small/asxxxx/gb/gb.lib
		MODULE set_spr.o
	LIBRARY /Users/kphillips/gbdk/lib/small/asxxxx/gb/gb.lib
		MODULE cpy_data.o
USERBASEDEF
	_CODE=0x0200
	_DATA=0xC0A0
	_CODE_1=0x4000
USERGLOBALDEF
	.OAM=0xC000
	.STACK=0xE000
	.refresh_OAM=0xFF80
	.init=0x0000
